attach-timing: building and packaging the release showcase host
    Finished `release` profile [optimized] target(s) in 0.23s
   Compiling dashscene-ffi v0.0.0 (/Users/sebastientasson/Workspace/driftsys/dashscene-worktrees/v021-device-phase2/crates/dashscene-ffi)
    Finished `release` profile [optimized] target(s) in 2.01s
   Compiling dashscene-ffi v0.0.0 (/Users/sebastientasson/Workspace/driftsys/dashscene-worktrees/v021-device-phase2/crates/dashscene-ffi)
   Compiling dashscene-android v0.0.0 (/Users/sebastientasson/Workspace/driftsys/dashscene-worktrees/v021-device-phase2/crates/dashscene-android)
    Finished `release` profile [optimized] target(s) in 2.01s
   Compiling dashscene-ffi v0.0.0 (/Users/sebastientasson/Workspace/driftsys/dashscene-worktrees/v021-device-phase2/crates/dashscene-ffi)
   Compiling dashscene-android v0.0.0 (/Users/sebastientasson/Workspace/driftsys/dashscene-worktrees/v021-device-phase2/crates/dashscene-android)
   Compiling demo-android v0.0.0 (/Users/sebastientasson/Workspace/driftsys/dashscene-worktrees/v021-device-phase2/demo-android)
    Finished `release` profile [optimized] target(s) in 2.81s
All files should be loaded. Notifying the device.
attach-timing: release: cold launch, waiting up to 90 s for a first frame
attach-timing: release: drew
attach-timing: building and packaging the debug showcase host
   Compiling proc-macro2 v1.0.107
   Compiling unicode-ident v1.0.24
   Compiling quote v1.0.47
   Compiling cfg-if v1.0.4
   Compiling cfg_aliases v0.2.2
   Compiling autocfg v1.5.1
   Compiling libm v0.2.16
   Compiling allocator-api2 v0.2.21
   Compiling equivalent v1.0.2
   Compiling foldhash v0.2.0
   Compiling thiserror v2.0.19
   Compiling libc v0.2.189
   Compiling libloading v0.8.9
   Compiling hashbrown v0.17.1
   Compiling log v0.4.33
   Compiling num-traits v0.2.19
   Compiling zerocopy v0.8.55
   Compiling bitflags v2.13.1
   Compiling rustc-hash v1.1.0
   Compiling naga v30.0.0
   Compiling indexmap v2.14.0
   Compiling once_cell v1.21.4
   Compiling jni-sys v0.3.1
   Compiling pkg-config v0.3.33
   Compiling unicode-width v0.2.2
   Compiling ash v0.38.0+1.3.281
   Compiling parking_lot_core v0.9.12
   Compiling syn v2.0.119
   Compiling syn v3.0.3
   Compiling bit-vec v0.9.1
   Compiling wayland-sys v0.31.11
   Compiling bit-set v0.10.0
   Compiling codespan-reporting v0.13.1
   Compiling spirv v0.4.0+sdk-1.4.341.0
   Compiling scopeguard v1.2.0
   Compiling smallvec v1.15.2
   Compiling arrayvec v0.7.8
   Compiling static_assertions v1.1.0
   Compiling khronos-egl v6.0.0
   Compiling raw-window-handle v0.6.2
   Compiling lock_api v0.4.14
   Compiling dlib v0.5.3
   Compiling hashbrown v0.16.1
   Compiling wgpu-hal v30.0.0
   Compiling presser v0.3.1
   Compiling parking_lot v0.12.5
   Compiling ordered-float v5.3.0
   Compiling android_system_properties v0.1.5
   Compiling crc32fast v1.5.0
   Compiling simd-adler32 v0.3.10
   Compiling glow v0.17.0
   Compiling renderdoc-sys v1.1.0
   Compiling profiling v1.0.18
   Compiling wgpu-core v30.0.0
   Compiling adler2 v2.0.1
   Compiling litrs v1.0.0
   Compiling miniz_oxide v0.8.9
   Compiling wgpu v30.0.0
   Compiling flate2 v1.1.9
   Compiling document-features v0.2.12
   Compiling fdeflate v0.3.7
   Compiling euclid v0.22.14
   Compiling thiserror-impl v2.0.19
   Compiling png v0.18.1
   Compiling lru v0.18.2
   Compiling pollster v1.0.1
   Compiling dashpaint v0.0.0 (/Users/sebastientasson/Workspace/driftsys/dashscene-worktrees/v021-device-phase2/crates/dashpaint)
   Compiling etagere v0.3.0
   Compiling zerocopy-derive v0.8.55
   Compiling jni-sys-macros v0.4.1
   Compiling bytemuck_derive v1.11.0
   Compiling jni-sys v0.4.1
   Compiling naga-types v30.0.0
   Compiling ndk-sys v0.6.0+11769913
   Compiling bytemuck v1.25.2
   Compiling wgpu-types v30.0.0
   Compiling half v2.7.1
   Compiling gpu-allocator v0.28.0
   Compiling wgpu-naga-bridge v30.0.0
   Compiling wgpu-core-deps-windows-linux-android v30.0.0
   Compiling dashscene-gpu v0.0.0 (/Users/sebastientasson/Workspace/driftsys/dashscene-worktrees/v021-device-phase2/crates/dashscene-gpu)
    Finished `dev` profile [unoptimized + debuginfo] target(s) in 15.24s
   Compiling bitflags v2.13.1
   Compiling semver v1.0.28
   Compiling shlex v2.0.1
   Compiling find-msvc-tools v0.1.9
   Compiling serde_core v1.0.229
   Compiling arrayref v0.3.9
   Compiling serde v1.0.229
   Compiling constant_time_eq v0.4.2
   Compiling dashbuf v0.0.0 (/Users/sebastientasson/Workspace/driftsys/dashscene-worktrees/v021-device-phase2/crates/dashbuf)
   Compiling cc v1.4.0
   Compiling rustc_version v0.4.1
   Compiling spirv v0.4.0+sdk-1.4.341.0
   Compiling wgpu-types v30.0.0
   Compiling serde_derive v1.0.229
   Compiling flatbuffers v25.12.19
   Compiling heapless v0.7.17
   Compiling memmap2 v0.9.11
   Compiling byteorder v1.5.0
   Compiling version_check v0.9.5
   Compiling zmij v1.0.23
   Compiling naga v30.0.0
   Compiling getrandom v0.4.3
   Compiling rustix v1.1.4
   Compiling slotmap v1.1.1
   Compiling blake3 v1.8.5
   Compiling hash32 v0.2.1
   Compiling core_maths v0.1.1
   Compiling errno v0.3.14
   Compiling serde_json v1.0.151
   Compiling stable_deref_trait v1.2.1
   Compiling linux-raw-sys v0.12.1
   Compiling ttf-parser v0.25.1
   Compiling cobs v0.3.0
   Compiling unicode-properties v0.1.4
   Compiling memchr v2.8.3
   Compiling itoa v1.0.18
   Compiling unicode-bidi-mirroring v0.4.0
   Compiling fastrand v2.5.0
   Compiling unicode-ccc v0.4.0
   Compiling rustc-hash v2.1.3
   Compiling unicode-script v0.5.8
   Compiling unicode-bidi v0.3.18
   Compiling dashcue v0.0.0 (/Users/sebastientasson/Workspace/driftsys/dashscene-worktrees/v021-device-phase2/crates/dashcue)
   Compiling rustybuzz v0.20.1
   Compiling tempfile v3.27.0
   Compiling grid v1.0.1
   Compiling taffy v0.12.2
   Compiling png v0.18.1
   Compiling postcard v1.1.3
   Compiling dashscene-core v0.0.0 (/Users/sebastientasson/Workspace/driftsys/dashscene-worktrees/v021-device-phase2/crates/dashscene-core)
   Compiling dashscene-validator v0.0.0 (/Users/sebastientasson/Workspace/driftsys/dashscene-worktrees/v021-device-phase2/crates/dashscene-validator)
   Compiling dashlang v0.0.0 (/Users/sebastientasson/Workspace/driftsys/dashscene-worktrees/v021-device-phase2/crates/dashlang)
   Compiling dashscene-typeset v0.0.0 (/Users/sebastientasson/Workspace/driftsys/dashscene-worktrees/v021-device-phase2/crates/dashscene-typeset)
   Compiling dashscene-engine v0.0.0 (/Users/sebastientasson/Workspace/driftsys/dashscene-worktrees/v021-device-phase2/crates/dashscene-engine)
   Compiling wgpu-naga-bridge v30.0.0
   Compiling wgpu-hal v30.0.0
   Compiling wgpu-core-deps-windows-linux-android v30.0.0
   Compiling wgpu-core v30.0.0
   Compiling wgpu v30.0.0
   Compiling dashscene-gpu v0.0.0 (/Users/sebastientasson/Workspace/driftsys/dashscene-worktrees/v021-device-phase2/crates/dashscene-gpu)
   Compiling dashscene-ffi v0.0.0 (/Users/sebastientasson/Workspace/driftsys/dashscene-worktrees/v021-device-phase2/crates/dashscene-ffi)
    Finished `dev` profile [unoptimized + debuginfo] target(s) in 14.35s
   Compiling thiserror v2.0.19
   Compiling same-file v1.0.6
   Compiling jni-macros v0.22.4
   Compiling simdutf8 v0.1.5
   Compiling bytes v1.12.1
   Compiling simd_cesu8 v1.2.0
   Compiling walkdir v2.5.0
   Compiling jni v0.22.4
   Compiling combine v4.6.7
   Compiling naga-types v30.0.0
   Compiling gpu-allocator v0.28.0
   Compiling cobs v0.3.0
   Compiling postcard v1.1.3
   Compiling wgpu-types v30.0.0
   Compiling naga v30.0.0
   Compiling dashscene-typeset v0.0.0 (/Users/sebastientasson/Workspace/driftsys/dashscene-worktrees/v021-device-phase2/crates/dashscene-typeset)
   Compiling dashscene-engine v0.0.0 (/Users/sebastientasson/Workspace/driftsys/dashscene-worktrees/v021-device-phase2/crates/dashscene-engine)
   Compiling wgpu-naga-bridge v30.0.0
   Compiling wgpu-hal v30.0.0
   Compiling wgpu-core-deps-windows-linux-android v30.0.0
   Compiling wgpu-core v30.0.0
   Compiling wgpu v30.0.0
   Compiling dashscene-gpu v0.0.0 (/Users/sebastientasson/Workspace/driftsys/dashscene-worktrees/v021-device-phase2/crates/dashscene-gpu)
   Compiling dashscene-ffi v0.0.0 (/Users/sebastientasson/Workspace/driftsys/dashscene-worktrees/v021-device-phase2/crates/dashscene-ffi)
   Compiling dashscene-android v0.0.0 (/Users/sebastientasson/Workspace/driftsys/dashscene-worktrees/v021-device-phase2/crates/dashscene-android)
    Finished `dev` profile [unoptimized + debuginfo] target(s) in 12.03s
   Compiling num-traits v0.2.19
   Compiling serde_json v1.0.151
   Compiling paste v1.0.15
   Compiling safe_arch v0.7.4
   Compiling matrixmultiply v0.3.11
   Compiling rawpointer v0.2.1
   Compiling pxfm v0.1.30
   Compiling nalgebra-macros v0.3.0
   Compiling wide v0.7.33
   Compiling byteorder-lite v0.1.0
   Compiling typenum v1.20.1
   Compiling half v2.7.1
   Compiling ordered-float v5.3.0
   Compiling num-complex v0.4.6
   Compiling approx v0.5.1
   Compiling num-integer v0.1.46
   Compiling naga v30.0.0
   Compiling num-rational v0.4.2
   Compiling dashscene-typeset v0.0.0 (/Users/sebastientasson/Workspace/driftsys/dashscene-worktrees/v021-device-phase2/crates/dashscene-typeset)
   Compiling euclid v0.22.14
   Compiling simba v0.9.1
   Compiling etagere v0.3.0
   Compiling moxcms v0.8.1
   Compiling dashscene-engine v0.0.0 (/Users/sebastientasson/Workspace/driftsys/dashscene-worktrees/v021-device-phase2/crates/dashscene-engine)
   Compiling nalgebra v0.34.2
   Compiling image v0.25.10
   Compiling wgpu-naga-bridge v30.0.0
   Compiling wgpu-hal v30.0.0
   Compiling fdsm v0.8.0
   Compiling dashc v0.0.0 (/Users/sebastientasson/Workspace/driftsys/dashscene-worktrees/v021-device-phase2/crates/dashc)
   Compiling wgpu-core-deps-windows-linux-android v30.0.0
   Compiling wgpu-core v30.0.0
   Compiling showcase v0.0.0 (/Users/sebastientasson/Workspace/driftsys/dashscene-worktrees/v021-device-phase2/corpus/showcase)
   Compiling wgpu v30.0.0
   Compiling dashscene-gpu v0.0.0 (/Users/sebastientasson/Workspace/driftsys/dashscene-worktrees/v021-device-phase2/crates/dashscene-gpu)
   Compiling dashscene-ffi v0.0.0 (/Users/sebastientasson/Workspace/driftsys/dashscene-worktrees/v021-device-phase2/crates/dashscene-ffi)
   Compiling dashscene-android v0.0.0 (/Users/sebastientasson/Workspace/driftsys/dashscene-worktrees/v021-device-phase2/crates/dashscene-android)
   Compiling demo-android v0.0.0 (/Users/sebastientasson/Workspace/driftsys/dashscene-worktrees/v021-device-phase2/demo-android)
    Finished `dev` profile [unoptimized + debuginfo] target(s) in 14.64s
All files should be loaded. Notifying the device.
attach-timing: debug: cold launch, waiting up to 90 s for a first frame
attach-timing: debug: drew
attach-timing: -> target/android-measure/20240109T212654Z/attach.md
